// Jest Snapshot v1, https://goo.gl/fbAQLP

exports[`App renders correctly 1`] = `
<styled.div>
  <BrowserRouter>
    <Route
      component={[Function]}
      exact={true}
      path="/"
    />
    <Route
      component={
        Object {
          "$$typeof": Symbol(react.memo),
          "WrappedComponent": [Function],
          "compare": null,
          "displayName": "Connect(withRouter(CustomerAddOrUpdate))",
          "type": [Function],
        }
      }
      path="/saveCustomer/:id?"
    />
  </BrowserRouter>
</styled.div>
`;
